{
  "TRansparent Interconnection of Lots of Links (TRILL): Explicit Congestion Notification (ECN) Support" => "https://www.rfc-editor.org/rfc/rfc9600.txt"
}